kind: schema_validation
message: MVIR validation failed after repair retry: 5 validation errors for MVIR
assumptions.0.expr.Gt.lhs.Symbol.id
  Field required [type=missing, input_value={'node': 'Symbol'}, input_type=dict]
    For further information visit https://errors.py...
exception: ValueError("MVIR validation failed after repair retry: 5 validation errors for MVIR\nassumptions.0.expr.Gt.lhs.Symbol.id\n  Field required [type=missing, input_value={'node': 'Symbol'}, input_type=dict]\n    For further information visit https://errors.pydantic.dev/2.12/v/missing\nassumptions.0.expr.Gt.rhs.Number.value\n  Field required [type=missing, input_value={'node': 'Number'}, input_type=dict]\n    For further information visit https://errors.pydantic.dev/2.12/v/missing\ngoal.expr.Ge.lhs.Pow.base\n  Field required [type=missing, input_value={'node': 'Pow'}, input_type=dict]\n    For further information visit https://errors.pydantic.dev/2.12/v/missing\ngoal.expr.Ge.lhs.Pow.exp\n  Field required [type=missing, input_value={'node': 'Pow'}, input_type=dict]\n    For further information visit https://errors.pydantic.dev/2.12/v/missing\ngoal.expr.Ge.rhs.Number.value\n  Field required [type=missing, input_value={'node': 'Number'}, input_type=dict]\n    For further information visit https://errors.pydantic.dev/2.12/v/missing")

traceback:
Traceback (most recent call last):
  File "C:\Users\karim\studioprojects\kingfisher\mvir\extract\formalize.py", line 221, in formalize_text_to_mvir
    mvir = MVIR.model_validate(payload)
           ^^^^^^^^^^^^^^^^^^^^^^^^^^^^
  File "C:\Users\karim\studioprojects\sydes\.venv\Lib\site-packages\pydantic\main.py", line 716, in model_validate
    return cls.__pydantic_validator__.validate_python(
           ^^^^^^^^^^^^^^^^^^^^^^^^^^^^^^^^^^^^^^^^^^^
pydantic_core._pydantic_core.ValidationError: 5 validation errors for MVIR
assumptions.0.expr.Gt.lhs.Symbol.id
  Field required [type=missing, input_value={'node': 'Symbol'}, input_type=dict]
    For further information visit https://errors.pydantic.dev/2.12/v/missing
assumptions.0.expr.Gt.rhs.Number.value
  Field required [type=missing, input_value={'node': 'Number'}, input_type=dict]
    For further information visit https://errors.pydantic.dev/2.12/v/missing
goal.expr.Ge.lhs.Pow.base
  Field required [type=missing, input_value={'node': 'Pow'}, input_type=dict]
    For further information visit https://errors.pydantic.dev/2.12/v/missing
goal.expr.Ge.lhs.Pow.exp
  Field required [type=missing, input_value={'node': 'Pow'}, input_type=dict]
    For further information visit https://errors.pydantic.dev/2.12/v/missing
goal.expr.Ge.rhs.Number.value
  Field required [type=missing, input_value={'node': 'Number'}, input_type=dict]
    For further information visit https://errors.pydantic.dev/2.12/v/missing

The above exception was the direct cause of the following exception:

Traceback (most recent call last):
  File "C:\Users\karim\studioprojects\kingfisher\mvir\extract\formalize.py", line 223, in formalize_text_to_mvir
    raise ValueError(
ValueError: MVIR validation failed after repair retry: 5 validation errors for MVIR
assumptions.0.expr.Gt.lhs.Symbol.id
  Field required [type=missing, input_value={'node': 'Symbol'}, input_type=dict]
    For further information visit https://errors.pydantic.dev/2.12/v/missing
assumptions.0.expr.Gt.rhs.Number.value
  Field required [type=missing, input_value={'node': 'Number'}, input_type=dict]
    For further information visit https://errors.pydantic.dev/2.12/v/missing
goal.expr.Ge.lhs.Pow.base
  Field required [type=missing, input_value={'node': 'Pow'}, input_type=dict]
    For further information visit https://errors.pydantic.dev/2.12/v/missing
goal.expr.Ge.lhs.Pow.exp
  Field required [type=missing, input_value={'node': 'Pow'}, input_type=dict]
    For further information visit https://errors.pydantic.dev/2.12/v/missing
goal.expr.Ge.rhs.Number.value
  Field required [type=missing, input_value={'node': 'Number'}, input_type=dict]
    For further information visit https://errors.pydantic.dev/2.12/v/missing
